
Running 1 test using 1 worker

  Γ£ÿ  1 tests\integration\leads.spec.ts:9:9 ΓÇ║ Lead Lifecycle ΓÇ║ should create, move, and persist a lead (3.5s)


  1) tests\integration\leads.spec.ts:9:9 ΓÇ║ Lead Lifecycle ΓÇ║ should create, move, and persist a lead 

    Error: page.goto: net::ERR_CONNECTION_REFUSED at http://localhost:3000/login
    Call log:
    [2m  - navigating to "http://localhost:3000/login", waiting until "load"[22m


       9 |     test('should create, move, and persist a lead', async ({ page }) => {
      10 |         // 1. Login
    > 11 |         await page.goto(`${BASE_URL}/login`);
         |                    ^
      12 |         await page.fill('input[type="email"]', TEST_EMAIL);
      13 |         await page.fill('input[type="password"]', TEST_PASSWORD);
      14 |         await page.click('button[type="submit"]');
        at C:\Users\Hassa\Documents\Magnus_Copo_documents\Magnus_Copo_Workspace_Files\Magnus_copo_staffing_operations_system\tests\integration\leads.spec.ts:11:20

  1 failed
    tests\integration\leads.spec.ts:9:9 ΓÇ║ Lead Lifecycle ΓÇ║ should create, move, and persist a lead ΓöÇ
